00:00 +0: loading /Users/rajshah/Desktop/vysion_omnigod/test/capture_page_test.dart
00:00 +0: CapturePage loads successfully and triggers OCR simulation
View
RawView
_RawViewInternal-[_DeprecatedRawViewKey TestFlutterView#55831]
_ViewScope
_PipelineOwnerScope
_MediaQueryFromView
MediaQuery(MediaQueryData(size: Size(800.0, 600.0), devicePixelRatio: 3.0, textScaler: SystemTextScaler (no scaling), platformBrightness: Brightness.light, padding: EdgeInsets.zero, viewPadding: EdgeInsets.zero, viewInsets: EdgeInsets.zero, systemGestureInsets: EdgeInsets.zero, alwaysUse24HourFormat: false, accessibleNavigation: false, highContrast: false, onOffSwitchLabels: false, disableAnimations: false, invertColors: false, boldText: false, navigationMode: traditional, gestureSettings: DeviceGestureSettings(touchSlop: null), displayFeatures: [], supportsShowingSystemContextMenu: false, lineHeightScaleFactorOverride: null, letterSpacingOverride: null, wordSpacingOverride: null, paragraphSpacingOverride: null, displayCornerRadii: null))
FocusTraversalGroup(policy: ReadingOrderTraversalPolicy#9e121)
Focus(debugLabel: "FocusTraversalGroup", focusNode: _FocusTraversalGroupNode#4f8ef(FocusTraversalGroup [IN FOCUS PATH]))
_FocusInheritedScope
_FocusScopeWithExternalFocusNode(debugLabel: "View Scope", focusNode: FocusScopeNode#847d3(View Scope [IN FOCUS PATH]))
_FocusInheritedScope
ProviderScope
UncontrolledProviderScope
MaterialApp
ScrollConfiguration(behavior: MaterialScrollBehavior)
HeroControllerScope
WidgetsApp-[GlobalObjectKey _MaterialAppState#226e6]
RootRestorationScope
UnmanagedRestorationScope
RestorationScope
UnmanagedRestorationScope
SharedAppData
_SharedAppModel
NotificationListener<NavigationNotification>
Shortcuts(shortcuts: <Default WidgetsApp Shortcuts>)
Focus(debugLabel: "Shortcuts: <Default WidgetsApp Shortcuts>")
_FocusInheritedScope
Semantics(container: false, properties: SemanticsProperties)
DefaultTextEditingShortcuts
Shortcuts(shortcuts: <Default Text Editing Shortcuts>)
Focus(debugLabel: "Shortcuts: <Default Text Editing Shortcuts>")
_FocusInheritedScope
Semantics(container: false, properties: SemanticsProperties)
Actions(dispatcher: null, actions: {DoNothingIntent: DoNothingAction#44000, DoNothingAndStopPropagationIntent: DoNothingAction#65547, RequestFocusIntent: RequestFocusAction#2032f, NextFocusIntent: NextFocusAction#08eb9, PreviousFocusIntent: PreviousFocusAction#89bc4, DirectionalFocusIntent: DirectionalFocusAction#45844, ScrollIntent: _OverridableContextAction<ScrollIntent>#3d7e8(defaultAction: ScrollAction#4bf7e), PrioritizedIntents: PrioritizedAction#c9d7d, VoidCallbackIntent: VoidCallbackAction#ad5cf})
_ActionsScope
FocusTraversalGroup(policy: ReadingOrderTraversalPolicy#9ac27)
Focus(debugLabel: "FocusTraversalGroup", focusNode: _FocusTraversalGroupNode#2aac6(FocusTraversalGroup [IN FOCUS PATH]))
_FocusInheritedScope
TapRegionSurface
ShortcutRegistrar
_ShortcutRegistrarScope
Shortcuts(manager: ShortcutManager#1207d(shortcuts: {}), shortcuts: <Shortcut Registrar>)
Focus(debugLabel: "Shortcuts: <Shortcut Registrar>")
_FocusInheritedScope
Semantics(container: false, properties: SemanticsProperties)
ListenableBuilder(listenable: LocalizationsResolver)
Localizations(locale: en_US, delegates: [DefaultMaterialLocalizations.delegate(en_US), DefaultCupertinoLocalizations.delegate(en_US), DefaultWidgetsLocalizations.delegate(en_US)])
Semantics(container: false, properties: SemanticsProperties, textDirection: ltr)
_LocalizationsScope-[GlobalKey#144b8]
Directionality(textDirection: ltr)
Title
Focus
_FocusInheritedScope
Semantics(container: false, properties: SemanticsProperties)
CheckedModeBanner("DEBUG")
Banner
CustomPaint
ValueListenableBuilder<bool>
DefaultTextStyle(debugLabel: fallback style; consider putting your text in a Material, inherit: true, color: Color(alpha: 0.8157, red: 1.0000, green: 0.0000, blue: 0.0000, colorSpace: ColorSpace.sRGB), family: monospace, size: 48.0, weight: 900, decoration: double Color(alpha: 1.0000, red: 1.0000, green: 1.0000, blue: 0.0000, colorSpace: ColorSpace.sRGB) TextDecoration.underline, softWrap: wrapping at box width, overflow: clip)
Builder
AnimatedTheme(duration: 200ms)
Theme(ThemeData#a0005)
_InheritedTheme
CupertinoTheme(brightness: light, primaryColor: Color(alpha: 1.0000, red: 0.4039, green: 0.3137, blue: 0.6431, colorSpace: ColorSpace.sRGB), scaffoldBackgroundColor: Color(alpha: 1.0000, red: 0.9961, green: 0.9686, blue: 1.0000, colorSpace: ColorSpace.sRGB), actionTextStyle: TextStyle(inherit: false, color: Color(alpha: 1.0000, red: 0.4039, green: 0.3137, blue: 0.6431, colorSpace: ColorSpace.sRGB), family: CupertinoSystemText, size: 17.0, letterSpacing: -0.4, decoration: TextDecoration.none), actionSmallTextStyle: TextStyle(inherit: false, color: Color(alpha: 1.0000, red: 0.4039, green: 0.3137, blue: 0.6431, colorSpace: ColorSpace.sRGB), family: CupertinoSystemText, size: 15.0, letterSpacing: -0.2, decoration: TextDecoration.none), navActionTextStyle: TextStyle(inherit: false, color: Color(alpha: 1.0000, red: 0.4039, green: 0.3137, blue: 0.6431, colorSpace: ColorSpace.sRGB), family: CupertinoSystemText, size: 17.0, letterSpacing: -0.4, decoration: TextDecoration.none))
InheritedCupertinoTheme
IconTheme(color: Color(alpha: 1.0000, red: 0.4039, green: 0.3137, blue: 0.6431, colorSpace: ColorSpace.sRGB))
IconTheme(color: Color(alpha: 0.8667, red: 0.0000, green: 0.0000, blue: 0.0000, colorSpace: ColorSpace.sRGB))
DefaultSelectionStyle
ScaffoldMessenger
_ScaffoldMessengerScope
DefaultSelectionStyle
FocusScope(debugLabel: "Navigator Scope", AUTOFOCUS)
Semantics(container: false, properties: SemanticsProperties)
_FocusInheritedScope
Navigator-[GlobalObjectKey<NavigatorState> _WidgetsAppState#0c6bf]
HeroControllerScope
NotificationListener<NavigationNotification>
Listener(listeners: [down, up, cancel], behavior: deferToChild)
AbsorbPointer(absorbing: false)
FocusTraversalGroup(policy: ReadingOrderTraversalPolicy#9ac27)
Focus(debugLabel: "FocusTraversalGroup", focusNode: _FocusTraversalGroupNode#ccf20(FocusTraversalGroup [IN FOCUS PATH]))
_FocusInheritedScope
Focus(debugLabel: "Navigator", AUTOFOCUS, focusNode: FocusNode#30ac3(Navigator [IN FOCUS PATH]))
_FocusInheritedScope
UnmanagedRestorationScope
Overlay-[LabeledGlobalKey<OverlayState>#16bfe]
_Theater(skipCount: 0)
_OverlayEntryWidget-[LabeledGlobalKey<_OverlayEntryWidgetState>#fa6b1]
TickerMode
_EffectiveTickerMode(effective mode: enabled)
_RenderTheaterMarker
Builder
IgnorePointer(ignoring: false)
ModalBarrier
BlockSemantics(blocking: true)
ExcludeSemantics(excluding: true)
_ModalBarrierGestureDetector
RawGestureDetector
_GestureSemantics
Listener(listeners: [down, panZoomStart], behavior: opaque)
Semantics(container: false, properties: SemanticsProperties)
MouseRegion(listeners: <none>, cursor: SystemMouseCursor(basic))
ConstrainedBox(BoxConstraints(biggest))
_OverlayEntryWidget-[LabeledGlobalKey<_OverlayEntryWidgetState>#c465b]
TickerMode
_EffectiveTickerMode(effective mode: enabled)
_RenderTheaterMarker
Builder
Semantics(container: false, properties: SemanticsProperties, sortKey: OrdinalSortKey#94405(order: 0.0))
_ModalScope<dynamic>-[LabeledGlobalKey<_ModalScopeState<dynamic>>#0dcab]
AnimatedBuilder(listenable: ValueNotifier<String?>#f6091(null))
RestorationScope
UnmanagedRestorationScope
_ModalScopeStatus(active)
Offstage(offstage: false)
PageStorage
Builder
Actions(dispatcher: null, actions: {DismissIntent: _DismissModalAction#cc55d})
_ActionsScope
PrimaryScrollController(ScrollController#7491e(no clients))
_FocusScopeWithExternalFocusNode(debugLabel: "_ModalScopeState<dynamic> Focus Scope", focusNode: FocusScopeNode#70b64(_ModalScopeState<dynamic> Focus Scope [PRIMARY FOCUS]))
Semantics(container: false, properties: SemanticsProperties)
_FocusInheritedScope
RepaintBoundary
ListenableBuilder(listenable: Listenable.merge([AnimationController#78ca0(⏭ 1.000; paused; for MaterialPageRoute<dynamic>(/))➩ProxyAnimation, kAlwaysDismissedAnimation➩ProxyAnimation➩ProxyAnimation]))
_PageTransitionsThemeTransitions<dynamic>
_PredictiveBackGestureDetector
_FadeForwardsPageTransition
DualTransitionBuilder
FadeTransition(opacity: kAlwaysCompleteAnimation➩ProxyAnimation➩CurveTween(curve: Interval(0.0⋯0.75))➩Tween<double>(0.0 → 1.0)➩1.0)
SlideTransition(listenable: kAlwaysCompleteAnimation➩ProxyAnimation➩CurveTween(curve: ThreePointCubic )➩Tween<Offset>(Offset(0.3, 0.0) → Offset(0.0, 0.0))➩Offset(0.0, 0.0))
FractionalTranslation
IgnorePointer(ignoring: false)
FadeTransition(opacity: AnimationController#78ca0(⏭ 1.000; paused; for MaterialPageRoute<dynamic>(/))➩ProxyAnimation➪ReverseAnimation➩ProxyAnimation➩CurveTween(curve: Interval(0.0⋯0.25))➩Tween<double>(1.0 → 0.0)➩1.0)
SlideTransition(listenable: AnimationController#78ca0(⏭ 1.000; paused; for MaterialPageRoute<dynamic>(/))➩ProxyAnimation➪ReverseAnimation➩ProxyAnimation➩CurveTween(curve: ThreePointCubic )➩Tween<Offset>(Offset(0.0, 0.0) → Offset(0.3, 0.0))➩Offset(0.0, 0.0))
FractionalTranslation
ColoredBox(color: Color(alpha: 0.0000, red: 0.0000, green: 0.0000, blue: 0.0000, colorSpace: ColorSpace.sRGB))
DualTransitionBuilder
FadeTransition(opacity: kAlwaysCompleteAnimation➩ProxyAnimation➩CurveTween(curve: Interval(0.0⋯0.75))➩Tween<double>(0.0 → 1.0)➩1.0)
SlideTransition(listenable: kAlwaysCompleteAnimation➩ProxyAnimation➩CurveTween(curve: ThreePointCubic )➩Tween<Offset>(Offset(-0.3, 0.0) → Offset(0.0, 0.0))➩Offset(0.0, 0.0))
FractionalTranslation
FadeTransition(opacity: kAlwaysDismissedAnimation➩ProxyAnimation➩ProxyAnimation➪ReverseAnimation➪ReverseAnimation➩ProxyAnimation➩CurveTween(curve: Interval(0.0⋯0.25))➩Tween<double>(1.0 → 0.0)➩1.0)
SlideTransition(listenable: kAlwaysDismissedAnimation➩ProxyAnimation➩ProxyAnimation➪ReverseAnimation➪ReverseAnimation➩ProxyAnimation➩CurveTween(curve: ThreePointCubic )➩Tween<Offset>(Offset(0.0, 0.0) → Offset(-0.3, 0.0))➩Offset(0.0, 0.0))
FractionalTranslation
ListenableBuilder(listenable: ValueNotifier<bool>#3b99c(false))
IgnorePointer(ignoring: false)
RepaintBoundary-[GlobalKey#26ca8]
Builder
ErrorWidget-[#3a3d3](message: UnimplementedError: SharedPreferences must be overridden in main.dart\nSee also: https://docs.flutter.dev/testing/errors)
══╡ EXCEPTION CAUGHT BY WIDGETS LIBRARY ╞═══════════════════════════════════════════════════════════
The following UnimplementedError was thrown building Builder:
SharedPreferences must be overridden in main.dart

The relevant error-causing widget was:
  MaterialApp
  MaterialApp:file:///Users/rajshah/Desktop/vysion_omnigod/test/capture_page_test.dart:47:22

When the exception was thrown, this was the stack:
#1      ProviderContainer.read (package:riverpod/src/framework/container.dart:241:21)
#2      ConsumerStatefulElement.read (package:flutter_riverpod/src/consumer.dart:620:59)
#3      _CapturePageState.initState (package:vysion_omnigod/features/capture/ui/capture_page.dart:47:28)
#4      StatefulElement._firstBuild (package:flutter/src/widgets/framework.dart:5950:55)
#5      ComponentElement.mount (package:flutter/src/widgets/framework.dart:5793:5)
...     Normal element mounting (260 frames)
#265    Element.inflateWidget (package:flutter/src/widgets/framework.dart:4587:20)
#266    MultiChildRenderObjectElement.inflateWidget (package:flutter/src/widgets/framework.dart:7264:36)
#267    MultiChildRenderObjectElement.mount (package:flutter/src/widgets/framework.dart:7279:32)
...     Normal element mounting (473 frames)
#740    _UncontrolledProviderScopeElement.mount (package:flutter_riverpod/src/framework.dart:315:11)
...     Normal element mounting (9 frames)
#749    Element.inflateWidget (package:flutter/src/widgets/framework.dart:4587:20)
#750    Element.updateChild (package:flutter/src/widgets/framework.dart:4053:20)
#751    ComponentElement.performRebuild (package:flutter/src/widgets/framework.dart:5841:16)
#752    Element.rebuild (package:flutter/src/widgets/framework.dart:5529:7)
#753    ProxyElement.update (package:flutter/src/widgets/framework.dart:6149:5)
#754    _InheritedNotifierElement.update (package:flutter/src/widgets/inherited_notifier.dart:108:11)
#755    Element.updateChild (package:flutter/src/widgets/framework.dart:4037:15)
#756    ComponentElement.performRebuild (package:flutter/src/widgets/framework.dart:5841:16)
#757    StatefulElement.performRebuild (package:flutter/src/widgets/framework.dart:5982:11)
#758    Element.rebuild (package:flutter/src/widgets/framework.dart:5529:7)
#759    StatefulElement.update (package:flutter/src/widgets/framework.dart:6007:5)
#760    Element.updateChild (package:flutter/src/widgets/framework.dart:4037:15)
#761    ComponentElement.performRebuild (package:flutter/src/widgets/framework.dart:5841:16)
#762    Element.rebuild (package:flutter/src/widgets/framework.dart:5529:7)
#763    ProxyElement.update (package:flutter/src/widgets/framework.dart:6149:5)
#764    _InheritedNotifierElement.update (package:flutter/src/widgets/inherited_notifier.dart:108:11)
#765    Element.updateChild (package:flutter/src/widgets/framework.dart:4037:15)
#766    ComponentElement.performRebuild (package:flutter/src/widgets/framework.dart:5841:16)
#767    StatefulElement.performRebuild (package:flutter/src/widgets/framework.dart:5982:11)
#768    Element.rebuild (package:flutter/src/widgets/framework.dart:5529:7)
#769    StatefulElement.update (package:flutter/src/widgets/framework.dart:6007:5)
#770    Element.updateChild (package:flutter/src/widgets/framework.dart:4037:15)
#771    ComponentElement.performRebuild (package:flutter/src/widgets/framework.dart:5841:16)
#772    StatefulElement.performRebuild (package:flutter/src/widgets/framework.dart:5982:11)
#773    Element.rebuild (package:flutter/src/widgets/framework.dart:5529:7)
#774    StatefulElement.update (package:flutter/src/widgets/framework.dart:6007:5)
#775    Element.updateChild (package:flutter/src/widgets/framework.dart:4037:15)
#776    ComponentElement.performRebuild (package:flutter/src/widgets/framework.dart:5841:16)
#777    Element.rebuild (package:flutter/src/widgets/framework.dart:5529:7)
#778    ProxyElement.update (package:flutter/src/widgets/framework.dart:6149:5)
#779    Element.updateChild (package:flutter/src/widgets/framework.dart:4037:15)
#780    ComponentElement.performRebuild (package:flutter/src/widgets/framework.dart:5841:16)
#781    StatefulElement.performRebuild (package:flutter/src/widgets/framework.dart:5982:11)
#782    Element.rebuild (package:flutter/src/widgets/framework.dart:5529:7)
#783    StatefulElement.update (package:flutter/src/widgets/framework.dart:6007:5)
#784    Element.updateChild (package:flutter/src/widgets/framework.dart:4037:15)
#785    ComponentElement.performRebuild (package:flutter/src/widgets/framework.dart:5841:16)
#786    Element.rebuild (package:flutter/src/widgets/framework.dart:5529:7)
#787    ProxyElement.update (package:flutter/src/widgets/framework.dart:6149:5)
#788    Element.updateChild (package:flutter/src/widgets/framework.dart:4037:15)
#789    ComponentElement.performRebuild (package:flutter/src/widgets/framework.dart:5841:16)
#790    Element.rebuild (package:flutter/src/widgets/framework.dart:5529:7)
#791    ProxyElement.update (package:flutter/src/widgets/framework.dart:6149:5)
#792    Element.updateChild (package:flutter/src/widgets/framework.dart:4037:15)
#793    _RawViewElement._updateChild (package:flutter/src/widgets/view.dart:481:16)
#794    _RawViewElement.update (package:flutter/src/widgets/view.dart:568:5)
#795    Element.updateChild (package:flutter/src/widgets/framework.dart:4037:15)
#796    ComponentElement.performRebuild (package:flutter/src/widgets/framework.dart:5841:16)
#797    Element.rebuild (package:flutter/src/widgets/framework.dart:5529:7)
#798    StatelessElement.update (package:flutter/src/widgets/framework.dart:5895:5)
#799    Element.updateChild (package:flutter/src/widgets/framework.dart:4037:15)
#800    ComponentElement.performRebuild (package:flutter/src/widgets/framework.dart:5841:16)
#801    StatefulElement.performRebuild (package:flutter/src/widgets/framework.dart:5982:11)
#802    Element.rebuild (package:flutter/src/widgets/framework.dart:5529:7)
#803    StatefulElement.update (package:flutter/src/widgets/framework.dart:6007:5)
#804    Element.updateChild (package:flutter/src/widgets/framework.dart:4037:15)
#805    RootElement._rebuild (package:flutter/src/widgets/binding.dart:2091:16)
#806    RootElement.update (package:flutter/src/widgets/binding.dart:2069:5)
#807    RootElement.performRebuild (package:flutter/src/widgets/binding.dart:2083:7)
#808    Element.rebuild (package:flutter/src/widgets/framework.dart:5529:7)
#809    BuildScope._tryRebuild (package:flutter/src/widgets/framework.dart:2750:15)
#810    BuildScope._flushDirtyElements (package:flutter/src/widgets/framework.dart:2807:11)
#811    BuildOwner.buildScope (package:flutter/src/widgets/framework.dart:3111:18)
#812    AutomatedTestWidgetsFlutterBinding.drawFrame (package:flutter_test/src/binding.dart:2431:19)
#813    RendererBinding._handlePersistentFrameCallback (package:flutter/src/rendering/binding.dart:509:5)
#814    SchedulerBinding._invokeFrameCallback (package:flutter/src/scheduler/binding.dart:1430:15)
#815    SchedulerBinding.handleDrawFrame (package:flutter/src/scheduler/binding.dart:1345:9)
#816    AutomatedTestWidgetsFlutterBinding.pump.<anonymous closure> (package:flutter_test/src/binding.dart:2260:9)
#819    TestAsyncUtils.guard (package:flutter_test/src/test_async_utils.dart:74:41)
#820    AutomatedTestWidgetsFlutterBinding.pump (package:flutter_test/src/binding.dart:2249:27)
#821    WidgetTester.pumpWidget.<anonymous closure> (package:flutter_test/src/widget_tester.dart:598:22)
#824    TestAsyncUtils.guard (package:flutter_test/src/test_async_utils.dart:74:41)
#825    WidgetTester.pumpWidget (package:flutter_test/src/widget_tester.dart:595:27)
#826    main.<anonymous closure> (file:///Users/rajshah/Desktop/vysion_omnigod/test/capture_page_test.dart:42:18)
#827    testWidgets.<anonymous closure>.<anonymous closure> (package:flutter_test/src/widget_tester.dart:192:29)
#828    TestWidgetsFlutterBinding._runTestBody (package:flutter_test/src/binding.dart:1952:5)
#830    ProviderElementBase.watch (package:riverpod/src/framework/element.dart:742:20)
#831    settingsControllerProvider.<anonymous closure> (package:vysion_omnigod/features/settings/controllers/settings_controller.dart:79:21)
#832    ProviderContainer.read (package:riverpod/src/framework/container.dart:241:21)
#833    ConsumerStatefulElement.read (package:flutter_riverpod/src/consumer.dart:620:59)
#834    _CapturePageState.initState (package:vysion_omnigod/features/capture/ui/capture_page.dart:47:28)
#835    StatefulElement._firstBuild (package:flutter/src/widgets/framework.dart:5950:55)
#836    ComponentElement.mount (package:flutter/src/widgets/framework.dart:5793:5)
...     Normal element mounting (260 frames)
#1096   Element.inflateWidget (package:flutter/src/widgets/framework.dart:4587:20)
#1097   MultiChildRenderObjectElement.inflateWidget (package:flutter/src/widgets/framework.dart:7264:36)
#1098   MultiChildRenderObjectElement.mount (package:flutter/src/widgets/framework.dart:7279:32)
...     Normal element mounting (473 frames)
#1571   _UncontrolledProviderScopeElement.mount (package:flutter_riverpod/src/framework.dart:315:11)
...     Normal element mounting (9 frames)
#1580   Element.inflateWidget (package:flutter/src/widgets/framework.dart:4587:20)
#1581   Element.updateChild (package:flutter/src/widgets/framework.dart:4053:20)
#1582   ComponentElement.performRebuild (package:flutter/src/widgets/framework.dart:5841:16)
#1583   Element.rebuild (package:flutter/src/widgets/framework.dart:5529:7)
#1584   ProxyElement.update (package:flutter/src/widgets/framework.dart:6149:5)
#1585   _InheritedNotifierElement.update (package:flutter/src/widgets/inherited_notifier.dart:108:11)
#1586   Element.updateChild (package:flutter/src/widgets/framework.dart:4037:15)
#1587   ComponentElement.performRebuild (package:flutter/src/widgets/framework.dart:5841:16)
#1588   StatefulElement.performRebuild (package:flutter/src/widgets/framework.dart:5982:11)
#1589   Element.rebuild (package:flutter/src/widgets/framework.dart:5529:7)
#1590   StatefulElement.update (package:flutter/src/widgets/framework.dart:6007:5)
#1591   Element.updateChild (package:flutter/src/widgets/framework.dart:4037:15)
#1592   ComponentElement.performRebuild (package:flutter/src/widgets/framework.dart:5841:16)
#1593   Element.rebuild (package:flutter/src/widgets/framework.dart:5529:7)
#1594   ProxyElement.update (package:flutter/src/widgets/framework.dart:6149:5)
#1595   _InheritedNotifierElement.update (package:flutter/src/widgets/inherited_notifier.dart:108:11)
#1596   Element.updateChild (package:flutter/src/widgets/framework.dart:4037:15)
#1597   ComponentElement.performRebuild (package:flutter/src/widgets/framework.dart:5841:16)
#1598   StatefulElement.performRebuild (package:flutter/src/widgets/framework.dart:5982:11)
#1599   Element.rebuild (package:flutter/src/widgets/framework.dart:5529:7)
#1600   StatefulElement.update (package:flutter/src/widgets/framework.dart:6007:5)
#1601   Element.updateChild (package:flutter/src/widgets/framework.dart:4037:15)
#1602   ComponentElement.performRebuild (package:flutter/src/widgets/framework.dart:5841:16)
#1603   StatefulElement.performRebuild (package:flutter/src/widgets/framework.dart:5982:11)
#1604   Element.rebuild (package:flutter/src/widgets/framework.dart:5529:7)
#1605   StatefulElement.update (package:flutter/src/widgets/framework.dart:6007:5)
#1606   Element.updateChild (package:flutter/src/widgets/framework.dart:4037:15)
#1607   ComponentElement.performRebuild (package:flutter/src/widgets/framework.dart:5841:16)
#1608   Element.rebuild (package:flutter/src/widgets/framework.dart:5529:7)
#1609   ProxyElement.update (package:flutter/src/widgets/framework.dart:6149:5)
#1610   Element.updateChild (package:flutter/src/widgets/framework.dart:4037:15)
#1611   ComponentElement.performRebuild (package:flutter/src/widgets/framework.dart:5841:16)
#1612   StatefulElement.performRebuild (package:flutter/src/widgets/framework.dart:5982:11)
#1613   Element.rebuild (package:flutter/src/widgets/framework.dart:5529:7)
#1614   StatefulElement.update (package:flutter/src/widgets/framework.dart:6007:5)
#1615   Element.updateChild (package:flutter/src/widgets/framework.dart:4037:15)
#1616   ComponentElement.performRebuild (package:flutter/src/widgets/framework.dart:5841:16)
#1617   Element.rebuild (package:flutter/src/widgets/framework.dart:5529:7)
#1618   ProxyElement.update (package:flutter/src/widgets/framework.dart:6149:5)
#1619   Element.updateChild (package:flutter/src/widgets/framework.dart:4037:15)
#1620   ComponentElement.performRebuild (package:flutter/src/widgets/framework.dart:5841:16)
#1621   Element.rebuild (package:flutter/src/widgets/framework.dart:5529:7)
#1622   ProxyElement.update (package:flutter/src/widgets/framework.dart:6149:5)
#1623   Element.updateChild (package:flutter/src/widgets/framework.dart:4037:15)
#1624   _RawViewElement._updateChild (package:flutter/src/widgets/view.dart:481:16)
#1625   _RawViewElement.update (package:flutter/src/widgets/view.dart:568:5)
#1626   Element.updateChild (package:flutter/src/widgets/framework.dart:4037:15)
#1627   ComponentElement.performRebuild (package:flutter/src/widgets/framework.dart:5841:16)
#1628   Element.rebuild (package:flutter/src/widgets/framework.dart:5529:7)
#1629   StatelessElement.update (package:flutter/src/widgets/framework.dart:5895:5)
#1630   Element.updateChild (package:flutter/src/widgets/framework.dart:4037:15)
#1631   ComponentElement.performRebuild (package:flutter/src/widgets/framework.dart:5841:16)
#1632   StatefulElement.performRebuild (package:flutter/src/widgets/framework.dart:5982:11)
#1633   Element.rebuild (package:flutter/src/widgets/framework.dart:5529:7)
#1634   StatefulElement.update (package:flutter/src/widgets/framework.dart:6007:5)
#1635   Element.updateChild (package:flutter/src/widgets/framework.dart:4037:15)
#1636   RootElement._rebuild (package:flutter/src/widgets/binding.dart:2091:16)
#1637   RootElement.update (package:flutter/src/widgets/binding.dart:2069:5)
#1638   RootElement.performRebuild (package:flutter/src/widgets/binding.dart:2083:7)
#1639   Element.rebuild (package:flutter/src/widgets/framework.dart:5529:7)
#1640   BuildScope._tryRebuild (package:flutter/src/widgets/framework.dart:2750:15)
#1641   BuildScope._flushDirtyElements (package:flutter/src/widgets/framework.dart:2807:11)
#1642   BuildOwner.buildScope (package:flutter/src/widgets/framework.dart:3111:18)
#1643   AutomatedTestWidgetsFlutterBinding.drawFrame (package:flutter_test/src/binding.dart:2431:19)
#1644   RendererBinding._handlePersistentFrameCallback (package:flutter/src/rendering/binding.dart:509:5)
#1645   SchedulerBinding._invokeFrameCallback (package:flutter/src/scheduler/binding.dart:1430:15)
#1646   SchedulerBinding.handleDrawFrame (package:flutter/src/scheduler/binding.dart:1345:9)
#1647   AutomatedTestWidgetsFlutterBinding.pump.<anonymous closure> (package:flutter_test/src/binding.dart:2260:9)
#1650   TestAsyncUtils.guard (package:flutter_test/src/test_async_utils.dart:74:41)
#1651   AutomatedTestWidgetsFlutterBinding.pump (package:flutter_test/src/binding.dart:2249:27)
#1652   WidgetTester.pumpWidget.<anonymous closure> (package:flutter_test/src/widget_tester.dart:598:22)
#1655   TestAsyncUtils.guard (package:flutter_test/src/test_async_utils.dart:74:41)
#1656   WidgetTester.pumpWidget (package:flutter_test/src/widget_tester.dart:595:27)
#1657   main.<anonymous closure> (file:///Users/rajshah/Desktop/vysion_omnigod/test/capture_page_test.dart:42:18)
#1658   testWidgets.<anonymous closure>.<anonymous closure> (package:flutter_test/src/widget_tester.dart:192:29)
#1659   TestWidgetsFlutterBinding._runTestBody (package:flutter_test/src/binding.dart:1952:5)
#1661   sharedPreferencesProvider.<anonymous closure> (package:vysion_omnigod/features/settings/controllers/settings_controller.dart:73:3)
#1662   ProviderElementBase.watch (package:riverpod/src/framework/element.dart:714:12)
#1663   settingsControllerProvider.<anonymous closure> (package:vysion_omnigod/features/settings/controllers/settings_controller.dart:79:21)
#1664   ProviderContainer.read (package:riverpod/src/framework/container.dart:241:21)
#1665   ConsumerStatefulElement.read (package:flutter_riverpod/src/consumer.dart:620:59)
#1666   _CapturePageState.initState (package:vysion_omnigod/features/capture/ui/capture_page.dart:47:28)
#1667   StatefulElement._firstBuild (package:flutter/src/widgets/framework.dart:5950:55)
#1668   ComponentElement.mount (package:flutter/src/widgets/framework.dart:5793:5)
...     Normal element mounting (260 frames)
#1928   Element.inflateWidget (package:flutter/src/widgets/framework.dart:4587:20)
#1929   MultiChildRenderObjectElement.inflateWidget (package:flutter/src/widgets/framework.dart:7264:36)
#1930   MultiChildRenderObjectElement.mount (package:flutter/src/widgets/framework.dart:7279:32)
...     Normal element mounting (473 frames)
#2403   _UncontrolledProviderScopeElement.mount (package:flutter_riverpod/src/framework.dart:315:11)
...     Normal element mounting (9 frames)
#2412   Element.inflateWidget (package:flutter/src/widgets/framework.dart:4587:20)
#2413   Element.updateChild (package:flutter/src/widgets/framework.dart:4053:20)
#2414   ComponentElement.performRebuild (package:flutter/src/widgets/framework.dart:5841:16)
#2415   Element.rebuild (package:flutter/src/widgets/framework.dart:5529:7)
#2416   ProxyElement.update (package:flutter/src/widgets/framework.dart:6149:5)
#2417   _InheritedNotifierElement.update (package:flutter/src/widgets/inherited_notifier.dart:108:11)
#2418   Element.updateChild (package:flutter/src/widgets/framework.dart:4037:15)
#2419   ComponentElement.performRebuild (package:flutter/src/widgets/framework.dart:5841:16)
#2420   StatefulElement.performRebuild (package:flutter/src/widgets/framework.dart:5982:11)
#2421   Element.rebuild (package:flutter/src/widgets/framework.dart:5529:7)
#2422   StatefulElement.update (package:flutter/src/widgets/framework.dart:6007:5)
#2423   Element.updateChild (package:flutter/src/widgets/framework.dart:4037:15)
#2424   ComponentElement.performRebuild (package:flutter/src/widgets/framework.dart:5841:16)
#2425   Element.rebuild (package:flutter/src/widgets/framework.dart:5529:7)
#2426   ProxyElement.update (package:flutter/src/widgets/framework.dart:6149:5)
#2427   _InheritedNotifierElement.update (package:flutter/src/widgets/inherited_notifier.dart:108:11)
#2428   Element.updateChild (package:flutter/src/widgets/framework.dart:4037:15)
#2429   ComponentElement.performRebuild (package:flutter/src/widgets/framework.dart:5841:16)
#2430   StatefulElement.performRebuild (package:flutter/src/widgets/framework.dart:5982:11)
#2431   Element.rebuild (package:flutter/src/widgets/framework.dart:5529:7)
#2432   StatefulElement.update (package:flutter/src/widgets/framework.dart:6007:5)
#2433   Element.updateChild (package:flutter/src/widgets/framework.dart:4037:15)
#2434   ComponentElement.performRebuild (package:flutter/src/widgets/framework.dart:5841:16)
#2435   StatefulElement.performRebuild (package:flutter/src/widgets/framework.dart:5982:11)
#2436   Element.rebuild (package:flutter/src/widgets/framework.dart:5529:7)
#2437   StatefulElement.update (package:flutter/src/widgets/framework.dart:6007:5)
#2438   Element.updateChild (package:flutter/src/widgets/framework.dart:4037:15)
#2439   ComponentElement.performRebuild (package:flutter/src/widgets/framework.dart:5841:16)
#2440   Element.rebuild (package:flutter/src/widgets/framework.dart:5529:7)
#2441   ProxyElement.update (package:flutter/src/widgets/framework.dart:6149:5)
#2442   Element.updateChild (package:flutter/src/widgets/framework.dart:4037:15)
#2443   ComponentElement.performRebuild (package:flutter/src/widgets/framework.dart:5841:16)
#2444   StatefulElement.performRebuild (package:flutter/src/widgets/framework.dart:5982:11)
#2445   Element.rebuild (package:flutter/src/widgets/framework.dart:5529:7)
#2446   StatefulElement.update (package:flutter/src/widgets/framework.dart:6007:5)
#2447   Element.updateChild (package:flutter/src/widgets/framework.dart:4037:15)
#2448   ComponentElement.performRebuild (package:flutter/src/widgets/framework.dart:5841:16)
#2449   Element.rebuild (package:flutter/src/widgets/framework.dart:5529:7)
#2450   ProxyElement.update (package:flutter/src/widgets/framework.dart:6149:5)
#2451   Element.updateChild (package:flutter/src/widgets/framework.dart:4037:15)
#2452   ComponentElement.performRebuild (package:flutter/src/widgets/framework.dart:5841:16)
#2453   Element.rebuild (package:flutter/src/widgets/framework.dart:5529:7)
#2454   ProxyElement.update (package:flutter/src/widgets/framework.dart:6149:5)
#2455   Element.updateChild (package:flutter/src/widgets/framework.dart:4037:15)
#2456   _RawViewElement._updateChild (package:flutter/src/widgets/view.dart:481:16)
#2457   _RawViewElement.update (package:flutter/src/widgets/view.dart:568:5)
#2458   Element.updateChild (package:flutter/src/widgets/framework.dart:4037:15)
#2459   ComponentElement.performRebuild (package:flutter/src/widgets/framework.dart:5841:16)
#2460   Element.rebuild (package:flutter/src/widgets/framework.dart:5529:7)
#2461   StatelessElement.update (package:flutter/src/widgets/framework.dart:5895:5)
#2462   Element.updateChild (package:flutter/src/widgets/framework.dart:4037:15)
#2463   ComponentElement.performRebuild (package:flutter/src/widgets/framework.dart:5841:16)
#2464   StatefulElement.performRebuild (package:flutter/src/widgets/framework.dart:5982:11)
#2465   Element.rebuild (package:flutter/src/widgets/framework.dart:5529:7)
#2466   StatefulElement.update (package:flutter/src/widgets/framework.dart:6007:5)
#2467   Element.updateChild (package:flutter/src/widgets/framework.dart:4037:15)
#2468   RootElement._rebuild (package:flutter/src/widgets/binding.dart:2091:16)
#2469   RootElement.update (package:flutter/src/widgets/binding.dart:2069:5)
#2470   RootElement.performRebuild (package:flutter/src/widgets/binding.dart:2083:7)
#2471   Element.rebuild (package:flutter/src/widgets/framework.dart:5529:7)
#2472   BuildScope._tryRebuild (package:flutter/src/widgets/framework.dart:2750:15)
#2473   BuildScope._flushDirtyElements (package:flutter/src/widgets/framework.dart:2807:11)
#2474   BuildOwner.buildScope (package:flutter/src/widgets/framework.dart:3111:18)
#2475   AutomatedTestWidgetsFlutterBinding.drawFrame (package:flutter_test/src/binding.dart:2431:19)
#2476   RendererBinding._handlePersistentFrameCallback (package:flutter/src/rendering/binding.dart:509:5)
#2477   SchedulerBinding._invokeFrameCallback (package:flutter/src/scheduler/binding.dart:1430:15)
#2478   SchedulerBinding.handleDrawFrame (package:flutter/src/scheduler/binding.dart:1345:9)
#2479   AutomatedTestWidgetsFlutterBinding.pump.<anonymous closure> (package:flutter_test/src/binding.dart:2260:9)
#2482   TestAsyncUtils.guard (package:flutter_test/src/test_async_utils.dart:74:41)
#2483   AutomatedTestWidgetsFlutterBinding.pump (package:flutter_test/src/binding.dart:2249:27)
#2484   WidgetTester.pumpWidget.<anonymous closure> (package:flutter_test/src/widget_tester.dart:598:22)
#2487   TestAsyncUtils.guard (package:flutter_test/src/test_async_utils.dart:74:41)
#2488   WidgetTester.pumpWidget (package:flutter_test/src/widget_tester.dart:595:27)
#2489   main.<anonymous closure> (file:///Users/rajshah/Desktop/vysion_omnigod/test/capture_page_test.dart:42:18)
#2490   testWidgets.<anonymous closure>.<anonymous closure> (package:flutter_test/src/widget_tester.dart:192:29)
#2492   testWidgets.<anonymous closure>.<anonymous closure> (package:flutter_test/src/widget_tester.dart:189:25)
#2493   TestWidgetsFlutterBinding._runTestBody (package:flutter_test/src/binding.dart:1952:19)
#2495   TestWidgetsFlutterBinding._runTestBody (package:flutter_test/src/binding.dart:1941:5)
#2498   TestWidgetsFlutterBinding._runTest (package:flutter_test/src/binding.dart:1926:10)
#2499   AutomatedTestWidgetsFlutterBinding.runTest.<anonymous closure> (package:flutter_test/src/binding.dart:2489:24)
#2500   FakeAsync.run.<anonymous closure>.<anonymous closure> (package:fake_async/fake_async.dart:182:47)
#2505   withClock (package:clock/src/default.dart:52:10)
#2506   FakeAsync.run.<anonymous closure> (package:fake_async/fake_async.dart:182:15)
#2511   FakeAsync.run (package:fake_async/fake_async.dart:181:52)
#2512   AutomatedTestWidgetsFlutterBinding.runTest (package:flutter_test/src/binding.dart:2486:15)
#2513   testWidgets.<anonymous closure> (package:flutter_test/src/widget_tester.dart:184:24)
#2514   Declarer.test.<anonymous closure>.<anonymous closure> (package:test_api/src/backend/declarer.dart:253:25)
#2516   Declarer.test.<anonymous closure>.<anonymous closure> (package:test_api/src/backend/declarer.dart:252:15)
#2521   Declarer.test.<anonymous closure> (package:test_api/src/backend/declarer.dart:250:17)
#2522   Invoker._waitForOutstandingCallbacks.<anonymous closure> (package:test_api/src/backend/invoker.dart:318:17)
#2527   Invoker._waitForOutstandingCallbacks (package:test_api/src/backend/invoker.dart:314:5)
#2528   Invoker._onRun.<anonymous closure>.<anonymous closure>.<anonymous closure> (package:test_api/src/backend/invoker.dart:457:21)
#2530   Invoker._onRun.<anonymous closure>.<anonymous closure>.<anonymous closure> (package:test_api/src/backend/invoker.dart:455:15)
#2535   Invoker._onRun.<anonymous closure>.<anonymous closure> (package:test_api/src/backend/invoker.dart:445:11)
#2536   Invoker._guardIfGuarded (package:test_api/src/backend/invoker.dart:500:15)
#2537   Invoker._onRun.<anonymous closure> (package:test_api/src/backend/invoker.dart:444:9)
#2544   Invoker._onRun (package:test_api/src/backend/invoker.dart:442:11)
#2545   LiveTestController.run (package:test_api/src/backend/live_test_controller.dart:161:11)
#2546   RemoteListener._runLiveTest.<anonymous closure> (package:test_api/src/backend/remote_listener.dart:323:16)
#2551   RemoteListener._runLiveTest (package:test_api/src/backend/remote_listener.dart:322:5)
#2552   RemoteListener._serializeTest.<anonymous closure> (package:test_api/src/backend/remote_listener.dart:263:7)
#2570   _GuaranteeSink.add (package:stream_channel/src/guarantee_channel.dart:125:12)
#2571   new _MultiChannel.<anonymous closure> (package:stream_channel/src/multi_channel.dart:159:31)
#2573   CastStreamSubscription._onData (dart:_internal/async_cast.dart:95:11)
#2599   new _WebSocketImpl._fromSocket.<anonymous closure> (dart:_http/websocket_impl.dart:1252:27)
#2605   _WebSocketProtocolTransformer._messageFrameEnd (dart:_http/websocket_impl.dart:348:23)
#2606   _WebSocketProtocolTransformer.add (dart:_http/websocket_impl.dart:238:46)
#2614   _Socket._onData (dart:io-patch/socket_patch.dart:2874:41)
#2621   new _RawSocket.<anonymous closure> (dart:io-patch/socket_patch.dart:2312:31)
#2622   _NativeSocket.issueReadEvent.issue (dart:io-patch/socket_patch.dart:1647:14)
#2626   testWidgets.<anonymous closure>.<anonymous closure> (package:flutter_test/src/widget_tester.dart:189:25)
#2627   TestWidgetsFlutterBinding._runTestBody (package:flutter_test/src/binding.dart:1952:19)
#2629   TestWidgetsFlutterBinding._runTestBody (package:flutter_test/src/binding.dart:1941:5)
#2632   TestWidgetsFlutterBinding._runTest (package:flutter_test/src/binding.dart:1926:10)
#2633   AutomatedTestWidgetsFlutterBinding.runTest.<anonymous closure> (package:flutter_test/src/binding.dart:2489:24)
#2634   FakeAsync.run.<anonymous closure>.<anonymous closure> (package:fake_async/fake_async.dart:182:47)
#2639   withClock (package:clock/src/default.dart:52:10)
#2640   FakeAsync.run.<anonymous closure> (package:fake_async/fake_async.dart:182:15)
#2645   FakeAsync.run (package:fake_async/fake_async.dart:181:52)
#2646   AutomatedTestWidgetsFlutterBinding.runTest (package:flutter_test/src/binding.dart:2486:15)
#2647   testWidgets.<anonymous closure> (package:flutter_test/src/widget_tester.dart:184:24)
#2648   Declarer.test.<anonymous closure>.<anonymous closure> (package:test_api/src/backend/declarer.dart:253:25)
#2650   Declarer.test.<anonymous closure>.<anonymous closure> (package:test_api/src/backend/declarer.dart:252:15)
#2655   Declarer.test.<anonymous closure> (package:test_api/src/backend/declarer.dart:250:17)
#2656   Invoker._waitForOutstandingCallbacks.<anonymous closure> (package:test_api/src/backend/invoker.dart:318:17)
#2661   Invoker._waitForOutstandingCallbacks (package:test_api/src/backend/invoker.dart:314:5)
#2662   Invoker._onRun.<anonymous closure>.<anonymous closure>.<anonymous closure> (package:test_api/src/backend/invoker.dart:457:21)
#2664   Invoker._onRun.<anonymous closure>.<anonymous closure>.<anonymous closure> (package:test_api/src/backend/invoker.dart:455:15)
#2669   Invoker._onRun.<anonymous closure>.<anonymous closure> (package:test_api/src/backend/invoker.dart:445:11)
#2670   Invoker._guardIfGuarded (package:test_api/src/backend/invoker.dart:500:15)
#2671   Invoker._onRun.<anonymous closure> (package:test_api/src/backend/invoker.dart:444:9)
#2678   Invoker._onRun (package:test_api/src/backend/invoker.dart:442:11)
#2679   LiveTestController.run (package:test_api/src/backend/live_test_controller.dart:161:11)
#2680   RemoteListener._runLiveTest.<anonymous closure> (package:test_api/src/backend/remote_listener.dart:323:16)
#2685   RemoteListener._runLiveTest (package:test_api/src/backend/remote_listener.dart:322:5)
#2686   RemoteListener._serializeTest.<anonymous closure> (package:test_api/src/backend/remote_listener.dart:263:7)
#2704   _GuaranteeSink.add (package:stream_channel/src/guarantee_channel.dart:125:12)
#2705   new _MultiChannel.<anonymous closure> (package:stream_channel/src/multi_channel.dart:159:31)
#2707   CastStreamSubscription._onData (dart:_internal/async_cast.dart:95:11)
#2733   new _WebSocketImpl._fromSocket.<anonymous closure> (dart:_http/websocket_impl.dart:1252:27)
#2739   _WebSocketProtocolTransformer._messageFrameEnd (dart:_http/websocket_impl.dart:348:23)
#2740   _WebSocketProtocolTransformer.add (dart:_http/websocket_impl.dart:238:46)
#2748   _Socket._onData (dart:io-patch/socket_patch.dart:2874:41)
#2755   new _RawSocket.<anonymous closure> (dart:io-patch/socket_patch.dart:2312:31)
#2756   _NativeSocket.issueReadEvent.issue (dart:io-patch/socket_patch.dart:1647:14)
(elided 212 frames from dart:async and package:stack_trace)

════════════════════════════════════════════════════════════════════════════════════════════════════
══╡ EXCEPTION CAUGHT BY FLUTTER TEST FRAMEWORK ╞════════════════════════════════════════════════════
The following TestFailure was thrown running a test:
Expected: exactly one matching candidate
  Actual: _IconWidgetFinder:<Found 0 widgets with icon "IconData(U+0F48B)": []>
   Which: means none were found but one was expected

When the exception was thrown, this was the stack:
#4      main.<anonymous closure> (file:///Users/rajshah/Desktop/vysion_omnigod/test/capture_page_test.dart:62:5)
<asynchronous suspension>
#5      testWidgets.<anonymous closure>.<anonymous closure> (package:flutter_test/src/widget_tester.dart:192:15)
<asynchronous suspension>
#6      TestWidgetsFlutterBinding._runTestBody (package:flutter_test/src/binding.dart:1952:5)
<asynchronous suspension>
<asynchronous suspension>
(elided one frame from package:stack_trace)

This was caught by the test expectation on the following line:
  file:///Users/rajshah/Desktop/vysion_omnigod/test/capture_page_test.dart line 62
The test description was:
  CapturePage loads successfully and triggers OCR simulation
════════════════════════════════════════════════════════════════════════════════════════════════════
══╡ EXCEPTION CAUGHT BY FLUTTER TEST FRAMEWORK ╞════════════════════════════════════════════════════
The following message was thrown:
Multiple exceptions (2) were detected during the running of the current test, and at least one was
unexpected.
════════════════════════════════════════════════════════════════════════════════════════════════════
00:00 +0 -1: CapturePage loads successfully and triggers OCR simulation [E]
  Test failed. See exception logs above.
  The test description was: CapturePage loads successfully and triggers OCR simulation
  
00:00 +0 -1: Some tests failed.

Failing tests:
  /Users/rajshah/Desktop/vysion_omnigod/test/capture_page_test.dart: CapturePage loads successfully and triggers OCR simulation
